
> react@0.0.0 build
> vite build

[36mvite v7.3.5 [32mbuilding client environment for production...[36m[39m
transforming...
[32m✓[39m 108 modules transformed.
rendering chunks...
computing gzip size...
[2mout/[22m[32mindex.html                 [39m[1m[2m  2.75 kB[22m[1m[22m[2m │ gzip:   1.16 kB[22m
[2mout/[22m[35massets/index-Bxlo2YjY.css  [39m[1m[2m 38.98 kB[22m[1m[22m[2m │ gzip:   6.90 kB[22m
[2mout/[22m[36massets/index-B6pfM31t.js   [39m[1m[33m521.07 kB[39m[22m[2m │ gzip: 144.75 kB[22m[2m │ map: 2,079.74 kB[22m
[33m
(!) Some chunks are larger than 500 kB after minification. Consider:
- Using dynamic import() to code-split the application
- Use build.rollupOptions.output.manualChunks to improve chunking: https://rollupjs.org/configuration-options/#output-manualchunks
- Adjust chunk size limit for this warning via build.chunkSizeWarningLimit.[39m
[32m✓ built in 29.48s[39m

> react@0.0.0 postbuild
> node -e "const fs=require('fs'); const src='public/.htaccess'; const dest='out/.htaccess'; if (fs.existsSync(src)) fs.copyFileSync(src, dest);"

